// Jest Snapshot v1, https://goo.gl/fbAQLP

exports[`<Header /> render() should test if component header allow tp set props 1`] = `
ShallowWrapper {
  Symbol(enzyme.__root__): [Circular],
  Symbol(enzyme.__unrendered__): <Header />,
  Symbol(enzyme.__renderer__): Object {
    "batchedUpdates": [Function],
    "getNode": [Function],
    "render": [Function],
    "simulateError": [Function],
    "simulateEvent": [Function],
    "unmount": [Function],
  },
  Symbol(enzyme.__node__): Object {
    "instance": null,
    "key": undefined,
    "nodeType": "host",
    "props": Object {
      "children": Array [
        <styled.section>
          <styled.section>
            <styled.a>
              Explore
            </styled.a>
            <styled.a>
              Start a project
            </styled.a>
          </styled.section>
          <styled.section>
            <styled.img
              src="./preview-logo-color.png"
            />
          </styled.section>
          <styled.section>
            <styled.a>
              Search
              <styled.img
                src="./search_magnify.png"
              />
            </styled.a>
            <styled.a>
              Sign in
            </styled.a>
          </styled.section>
        </styled.section>,
        <styled.section>
          <styled.section>
            <styled.a>
              Explore
            </styled.a>
            <styled.a>
              Start a project
            </styled.a>
          </styled.section>
          <styled.section>
            <styled.a>
              Search
              <styled.img
                src="./search_magnify.png"
              />
            </styled.a>
            <styled.a>
              Sign in
            </styled.a>
          </styled.section>
        </styled.section>,
      ],
      "className": "globalHeader",
    },
    "ref": null,
    "rendered": Array [
      Object {
        "instance": null,
        "key": undefined,
        "nodeType": "class",
        "props": Object {
          "children": Array [
            <styled.section>
              <styled.a>
                Explore
              </styled.a>
              <styled.a>
                Start a project
              </styled.a>
            </styled.section>,
            <styled.section>
              <styled.img
                src="./preview-logo-color.png"
              />
            </styled.section>,
            <styled.section>
              <styled.a>
                Search
                <styled.img
                  src="./search_magnify.png"
                />
              </styled.a>
              <styled.a>
                Sign in
              </styled.a>
            </styled.section>,
          ],
        },
        "ref": null,
        "rendered": Array [
          Object {
            "instance": null,
            "key": undefined,
            "nodeType": "class",
            "props": Object {
              "children": Array [
                <styled.a>
                  Explore
                </styled.a>,
                <styled.a>
                  Start a project
                </styled.a>,
              ],
            },
            "ref": null,
            "rendered": Array [
              Object {
                "instance": null,
                "key": undefined,
                "nodeType": "class",
                "props": Object {
                  "children": "Explore",
                },
                "ref": null,
                "rendered": "Explore",
                "type": [Function],
              },
              Object {
                "instance": null,
                "key": undefined,
                "nodeType": "class",
                "props": Object {
                  "children": "Start a project",
                },
                "ref": null,
                "rendered": "Start a project",
                "type": [Function],
              },
            ],
            "type": [Function],
          },
          Object {
            "instance": null,
            "key": undefined,
            "nodeType": "class",
            "props": Object {
              "children": <styled.img
                src="./preview-logo-color.png"
              />,
            },
            "ref": null,
            "rendered": Object {
              "instance": null,
              "key": undefined,
              "nodeType": "class",
              "props": Object {
                "src": "./preview-logo-color.png",
              },
              "ref": null,
              "rendered": null,
              "type": [Function],
            },
            "type": [Function],
          },
          Object {
            "instance": null,
            "key": undefined,
            "nodeType": "class",
            "props": Object {
              "children": Array [
                <styled.a>
                  Search
                  <styled.img
                    src="./search_magnify.png"
                  />
                </styled.a>,
                <styled.a>
                  Sign in
                </styled.a>,
              ],
            },
            "ref": null,
            "rendered": Array [
              Object {
                "instance": null,
                "key": undefined,
                "nodeType": "class",
                "props": Object {
                  "children": Array [
                    "Search",
                    <styled.img
                      src="./search_magnify.png"
                    />,
                  ],
                },
                "ref": null,
                "rendered": Array [
                  "Search",
                  Object {
                    "instance": null,
                    "key": undefined,
                    "nodeType": "class",
                    "props": Object {
                      "src": "./search_magnify.png",
                    },
                    "ref": null,
                    "rendered": null,
                    "type": [Function],
                  },
                ],
                "type": [Function],
              },
              Object {
                "instance": null,
                "key": undefined,
                "nodeType": "class",
                "props": Object {
                  "children": "Sign in",
                },
                "ref": null,
                "rendered": "Sign in",
                "type": [Function],
              },
            ],
            "type": [Function],
          },
        ],
        "type": [Function],
      },
      Object {
        "instance": null,
        "key": undefined,
        "nodeType": "class",
        "props": Object {
          "children": Array [
            <styled.section>
              <styled.a>
                Explore
              </styled.a>
              <styled.a>
                Start a project
              </styled.a>
            </styled.section>,
            <styled.section>
              <styled.a>
                Search
                <styled.img
                  src="./search_magnify.png"
                />
              </styled.a>
              <styled.a>
                Sign in
              </styled.a>
            </styled.section>,
          ],
        },
        "ref": null,
        "rendered": Array [
          Object {
            "instance": null,
            "key": undefined,
            "nodeType": "class",
            "props": Object {
              "children": Array [
                <styled.a>
                  Explore
                </styled.a>,
                <styled.a>
                  Start a project
                </styled.a>,
              ],
            },
            "ref": null,
            "rendered": Array [
              Object {
                "instance": null,
                "key": undefined,
                "nodeType": "class",
                "props": Object {
                  "children": "Explore",
                },
                "ref": null,
                "rendered": "Explore",
                "type": [Function],
              },
              Object {
                "instance": null,
                "key": undefined,
                "nodeType": "class",
                "props": Object {
                  "children": "Start a project",
                },
                "ref": null,
                "rendered": "Start a project",
                "type": [Function],
              },
            ],
            "type": [Function],
          },
          Object {
            "instance": null,
            "key": undefined,
            "nodeType": "class",
            "props": Object {
              "children": Array [
                <styled.a>
                  Search
                  <styled.img
                    src="./search_magnify.png"
                  />
                </styled.a>,
                <styled.a>
                  Sign in
                </styled.a>,
              ],
            },
            "ref": null,
            "rendered": Array [
              Object {
                "instance": null,
                "key": undefined,
                "nodeType": "class",
                "props": Object {
                  "children": Array [
                    "Search",
                    <styled.img
                      src="./search_magnify.png"
                    />,
                  ],
                },
                "ref": null,
                "rendered": Array [
                  "Search",
                  Object {
                    "instance": null,
                    "key": undefined,
                    "nodeType": "class",
                    "props": Object {
                      "src": "./search_magnify.png",
                    },
                    "ref": null,
                    "rendered": null,
                    "type": [Function],
                  },
                ],
                "type": [Function],
              },
              Object {
                "instance": null,
                "key": undefined,
                "nodeType": "class",
                "props": Object {
                  "children": "Sign in",
                },
                "ref": null,
                "rendered": "Sign in",
                "type": [Function],
              },
            ],
            "type": [Function],
          },
        ],
        "type": [Function],
      },
    ],
    "type": "div",
  },
  Symbol(enzyme.__nodes__): Array [
    Object {
      "instance": null,
      "key": undefined,
      "nodeType": "host",
      "props": Object {
        "children": Array [
          <styled.section>
            <styled.section>
              <styled.a>
                Explore
              </styled.a>
              <styled.a>
                Start a project
              </styled.a>
            </styled.section>
            <styled.section>
              <styled.img
                src="./preview-logo-color.png"
              />
            </styled.section>
            <styled.section>
              <styled.a>
                Search
                <styled.img
                  src="./search_magnify.png"
                />
              </styled.a>
              <styled.a>
                Sign in
              </styled.a>
            </styled.section>
          </styled.section>,
          <styled.section>
            <styled.section>
              <styled.a>
                Explore
              </styled.a>
              <styled.a>
                Start a project
              </styled.a>
            </styled.section>
            <styled.section>
              <styled.a>
                Search
                <styled.img
                  src="./search_magnify.png"
                />
              </styled.a>
              <styled.a>
                Sign in
              </styled.a>
            </styled.section>
          </styled.section>,
        ],
        "className": "globalHeader",
      },
      "ref": null,
      "rendered": Array [
        Object {
          "instance": null,
          "key": undefined,
          "nodeType": "class",
          "props": Object {
            "children": Array [
              <styled.section>
                <styled.a>
                  Explore
                </styled.a>
                <styled.a>
                  Start a project
                </styled.a>
              </styled.section>,
              <styled.section>
                <styled.img
                  src="./preview-logo-color.png"
                />
              </styled.section>,
              <styled.section>
                <styled.a>
                  Search
                  <styled.img
                    src="./search_magnify.png"
                  />
                </styled.a>
                <styled.a>
                  Sign in
                </styled.a>
              </styled.section>,
            ],
          },
          "ref": null,
          "rendered": Array [
            Object {
              "instance": null,
              "key": undefined,
              "nodeType": "class",
              "props": Object {
                "children": Array [
                  <styled.a>
                    Explore
                  </styled.a>,
                  <styled.a>
                    Start a project
                  </styled.a>,
                ],
              },
              "ref": null,
              "rendered": Array [
                Object {
                  "instance": null,
                  "key": undefined,
                  "nodeType": "class",
                  "props": Object {
                    "children": "Explore",
                  },
                  "ref": null,
                  "rendered": "Explore",
                  "type": [Function],
                },
                Object {
                  "instance": null,
                  "key": undefined,
                  "nodeType": "class",
                  "props": Object {
                    "children": "Start a project",
                  },
                  "ref": null,
                  "rendered": "Start a project",
                  "type": [Function],
                },
              ],
              "type": [Function],
            },
            Object {
              "instance": null,
              "key": undefined,
              "nodeType": "class",
              "props": Object {
                "children": <styled.img
                  src="./preview-logo-color.png"
                />,
              },
              "ref": null,
              "rendered": Object {
                "instance": null,
                "key": undefined,
                "nodeType": "class",
                "props": Object {
                  "src": "./preview-logo-color.png",
                },
                "ref": null,
                "rendered": null,
                "type": [Function],
              },
              "type": [Function],
            },
            Object {
              "instance": null,
              "key": undefined,
              "nodeType": "class",
              "props": Object {
                "children": Array [
                  <styled.a>
                    Search
                    <styled.img
                      src="./search_magnify.png"
                    />
                  </styled.a>,
                  <styled.a>
                    Sign in
                  </styled.a>,
                ],
              },
              "ref": null,
              "rendered": Array [
                Object {
                  "instance": null,
                  "key": undefined,
                  "nodeType": "class",
                  "props": Object {
                    "children": Array [
                      "Search",
                      <styled.img
                        src="./search_magnify.png"
                      />,
                    ],
                  },
                  "ref": null,
                  "rendered": Array [
                    "Search",
                    Object {
                      "instance": null,
                      "key": undefined,
                      "nodeType": "class",
                      "props": Object {
                        "src": "./search_magnify.png",
                      },
                      "ref": null,
                      "rendered": null,
                      "type": [Function],
                    },
                  ],
                  "type": [Function],
                },
                Object {
                  "instance": null,
                  "key": undefined,
                  "nodeType": "class",
                  "props": Object {
                    "children": "Sign in",
                  },
                  "ref": null,
                  "rendered": "Sign in",
                  "type": [Function],
                },
              ],
              "type": [Function],
            },
          ],
          "type": [Function],
        },
        Object {
          "instance": null,
          "key": undefined,
          "nodeType": "class",
          "props": Object {
            "children": Array [
              <styled.section>
                <styled.a>
                  Explore
                </styled.a>
                <styled.a>
                  Start a project
                </styled.a>
              </styled.section>,
              <styled.section>
                <styled.a>
                  Search
                  <styled.img
                    src="./search_magnify.png"
                  />
                </styled.a>
                <styled.a>
                  Sign in
                </styled.a>
              </styled.section>,
            ],
          },
          "ref": null,
          "rendered": Array [
            Object {
              "instance": null,
              "key": undefined,
              "nodeType": "class",
              "props": Object {
                "children": Array [
                  <styled.a>
                    Explore
                  </styled.a>,
                  <styled.a>
                    Start a project
                  </styled.a>,
                ],
              },
              "ref": null,
              "rendered": Array [
                Object {
                  "instance": null,
                  "key": undefined,
                  "nodeType": "class",
                  "props": Object {
                    "children": "Explore",
                  },
                  "ref": null,
                  "rendered": "Explore",
                  "type": [Function],
                },
                Object {
                  "instance": null,
                  "key": undefined,
                  "nodeType": "class",
                  "props": Object {
                    "children": "Start a project",
                  },
                  "ref": null,
                  "rendered": "Start a project",
                  "type": [Function],
                },
              ],
              "type": [Function],
            },
            Object {
              "instance": null,
              "key": undefined,
              "nodeType": "class",
              "props": Object {
                "children": Array [
                  <styled.a>
                    Search
                    <styled.img
                      src="./search_magnify.png"
                    />
                  </styled.a>,
                  <styled.a>
                    Sign in
                  </styled.a>,
                ],
              },
              "ref": null,
              "rendered": Array [
                Object {
                  "instance": null,
                  "key": undefined,
                  "nodeType": "class",
                  "props": Object {
                    "children": Array [
                      "Search",
                      <styled.img
                        src="./search_magnify.png"
                      />,
                    ],
                  },
                  "ref": null,
                  "rendered": Array [
                    "Search",
                    Object {
                      "instance": null,
                      "key": undefined,
                      "nodeType": "class",
                      "props": Object {
                        "src": "./search_magnify.png",
                      },
                      "ref": null,
                      "rendered": null,
                      "type": [Function],
                    },
                  ],
                  "type": [Function],
                },
                Object {
                  "instance": null,
                  "key": undefined,
                  "nodeType": "class",
                  "props": Object {
                    "children": "Sign in",
                  },
                  "ref": null,
                  "rendered": "Sign in",
                  "type": [Function],
                },
              ],
              "type": [Function],
            },
          ],
          "type": [Function],
        },
      ],
      "type": "div",
    },
  ],
  Symbol(enzyme.__options__): Object {
    "adapter": ReactSixteenAdapter {
      "options": Object {
        "enableComponentDidUpdateOnSetState": true,
        "lifecycles": Object {
          "componentDidUpdate": Object {
            "onSetState": true,
          },
          "getDerivedStateFromProps": true,
          "getSnapshotBeforeUpdate": true,
          "setState": Object {
            "skipsComponentDidUpdateOnNullish": true,
          },
        },
      },
    },
    "attachTo": undefined,
    "hydrateIn": undefined,
  },
}
`;
